[debug] [2026-03-24T18:31:57.902Z] ----------------------------------------------------------------------
[debug] [2026-03-24T18:31:57.903Z] Command:       /opt/homebrew/Cellar/node/25.4.0/bin/node /opt/homebrew/bin/firebase init hosting
[debug] [2026-03-24T18:31:57.903Z] CLI Version:   15.11.0
[debug] [2026-03-24T18:31:57.903Z] Platform:      darwin
[debug] [2026-03-24T18:31:57.903Z] Node Version:  v25.4.0
[debug] [2026-03-24T18:31:57.903Z] Time:          Tue Mar 24 2026 14:31:57 GMT-0400 (Eastern Daylight Time)
[debug] [2026-03-24T18:31:57.903Z] ----------------------------------------------------------------------
[debug] 
[debug] [2026-03-24T18:31:57.904Z] >>> [apiv2][query] GET https://firebase-public.firebaseio.com/cli.json [none]
[info] 
     ######## #### ########  ######## ########     ###     ######  ########
     ##        ##  ##     ## ##       ##     ##  ##   ##  ##       ##
     ######    ##  ########  ######   ########  #########  ######  ######
     ##        ##  ##    ##  ##       ##     ## ##     ##       ## ##
     ##       #### ##     ## ######## ########  ##     ##  ######  ########

You're about to initialize a Firebase project in this directory:

  /Users/louishu/Desktop/wearwise

[info] 
=== Project Setup
[info] 
[info] First, let's associate this project directory with a Firebase project.
[info] You can create multiple project aliases by running firebase use --add, 
[info] 
[debug] [2026-03-24T18:31:58.510Z] <<< [apiv2][status] GET https://firebase-public.firebaseio.com/cli.json 200
[debug] [2026-03-24T18:31:58.510Z] <<< [apiv2][body] GET https://firebase-public.firebaseio.com/cli.json {"cloudBuildErrorAfter":1594252800000,"cloudBuildWarnAfter":1590019200000,"defaultNode10After":1594252800000,"minVersion":"3.0.5","node8DeploysDisabledAfter":1613390400000,"node8RuntimeDisabledAfter":1615809600000,"node8WarnAfter":1600128000000}
[debug] [2026-03-24T18:32:01.372Z] > command requires scopes: ["email","openid","https://www.googleapis.com/auth/cloudplatformprojects.readonly","https://www.googleapis.com/auth/firebase","https://www.googleapis.com/auth/cloud-platform"]
[debug] [2026-03-24T18:32:01.373Z] > authorizing via signed-in user (louishurris@gmail.com)
[debug] [2026-03-24T18:32:01.374Z] Checked if tokens are valid: false, expires at: 1772752279367
[debug] [2026-03-24T18:32:01.374Z] Checked if tokens are valid: false, expires at: 1772752279367
[debug] [2026-03-24T18:32:01.374Z] > refreshing access token with scopes: []
[debug] [2026-03-24T18:32:01.375Z] >>> [apiv2][query] POST https://www.googleapis.com/oauth2/v3/token [none]
[debug] [2026-03-24T18:32:01.375Z] >>> [apiv2][body] POST https://www.googleapis.com/oauth2/v3/token [omitted]
[debug] [2026-03-24T18:32:01.473Z] <<< [apiv2][status] POST https://www.googleapis.com/oauth2/v3/token 200
[debug] [2026-03-24T18:32:01.473Z] <<< [apiv2][body] POST https://www.googleapis.com/oauth2/v3/token [omitted]
[debug] [2026-03-24T18:32:01.486Z] >>> [apiv2][query] GET https://firebase.googleapis.com/v1beta1/projects pageSize=100
[debug] [2026-03-24T18:32:01.980Z] <<< [apiv2][status] GET https://firebase.googleapis.com/v1beta1/projects 200
[debug] [2026-03-24T18:32:01.980Z] <<< [apiv2][body] GET https://firebase.googleapis.com/v1beta1/projects [omitted]
[info] 
=== Hosting Setup
[debug] [2026-03-24T18:32:06.265Z] Checked if tokens are valid: true, expires at: 1774380720473
[debug] [2026-03-24T18:32:06.265Z] Checked if tokens are valid: true, expires at: 1774380720473
[debug] [2026-03-24T18:32:06.265Z] >>> [apiv2][query] GET https://firebase.googleapis.com/v1beta1/projects/wearwise-cs423 [none]
[debug] [2026-03-24T18:32:06.555Z] <<< [apiv2][status] GET https://firebase.googleapis.com/v1beta1/projects/wearwise-cs423 200
[debug] [2026-03-24T18:32:06.555Z] <<< [apiv2][body] GET https://firebase.googleapis.com/v1beta1/projects/wearwise-cs423 {"projectId":"wearwise-cs423","projectNumber":"133646225540","displayName":"wearwise","name":"projects/wearwise-cs423","resources":{"hostingSite":"wearwise-cs423"},"state":"ACTIVE","etag":"1_63336744-151c-4bb5-8f07-e36cf7b36e65"}
[info] 
[info] Your public directory is the folder (relative to your project directory) that
[info] will contain Hosting assets to be uploaded with firebase deploy. If you
[info] have a build process for your assets, use your build's output directory.
[info] 
[info] 
[info] i  Detected a .git folder at /Users/louishu/Desktop/wearwise 
[info] i  Authorizing with GitHub to upload your service account to a GitHub repository's secrets store. 
[info] 
[info] Visit this URL on this device to log in:
[info] https://github.com/login/oauth/authorize?client_id=89cf50f02ac6aaed3484&state=41062565&redirect_uri=http%3A%2F%2Flocalhost%3A9005&scope=read%3Auser%20repo%20public_repo
[info] 
[info] Waiting for authentication...
[debug] [2026-03-24T18:32:29.741Z] >>> [apiv2][query] POST https://github.com/login/oauth/access_token [none]
[debug] [2026-03-24T18:32:29.741Z] >>> [apiv2][body] POST https://github.com/login/oauth/access_token [stream]
[debug] [2026-03-24T18:32:29.889Z] <<< [apiv2][status] POST https://github.com/login/oauth/access_token 200
[debug] [2026-03-24T18:32:29.890Z] <<< [apiv2][body] POST https://github.com/login/oauth/access_token {"access_token":"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","token_type":"bearer","scope":"read:user,repo"}
[debug] [2026-03-24T18:32:29.895Z] >>> [apiv2][query] GET https://api.github.com/user [none]
[debug] [2026-03-24T18:32:30.084Z] <<< [apiv2][status] GET https://api.github.com/user 200
[debug] [2026-03-24T18:32:30.084Z] <<< [apiv2][body] GET https://api.github.com/user {"login":"FengqiHu","id":127000193,"node_id":"U_kgDOB5HegQ","avatar_url":"https://avatars.githubusercontent.com/u/127000193?v=4","gravatar_id":"","url":"https://api.github.com/users/FengqiHu","html_url":"https://github.com/FengqiHu","followers_url":"https://api.github.com/users/FengqiHu/followers","following_url":"https://api.github.com/users/FengqiHu/following{/other_user}","gists_url":"https://api.github.com/users/FengqiHu/gists{/gist_id}","starred_url":"https://api.github.com/users/FengqiHu/starred{/owner}{/repo}","subscriptions_url":"https://api.github.com/users/FengqiHu/subscriptions","organizations_url":"https://api.github.com/users/FengqiHu/orgs","repos_url":"https://api.github.com/users/FengqiHu/repos","events_url":"https://api.github.com/users/FengqiHu/events{/privacy}","received_events_url":"https://api.github.com/users/FengqiHu/received_events","type":"User","user_view_type":"private","site_admin":false,"name":"Louis Hu","company":"Johns Hopkins University","blog":"https://www.louishu.com/","location":"Baltimore, MD 21218","email":null,"hireable":null,"bio":"Johns Hopkins University, major in Computer Science","twitter_username":null,"notification_email":null,"public_repos":9,"public_gists":0,"followers":0,"following":1,"created_at":"2023-03-05T02:57:23Z","updated_at":"2026-03-23T21:47:53Z","private_gists":0,"total_private_repos":2,"owned_private_repos":2,"disk_usage":280245,"collaborators":0,"two_factor_authentication":false,"plan":{"name":"pro","space":976562499,"collaborators":0,"private_repos":9999}}
[info] 
[info] ✔  Success! Logged into GitHub as FengqiHu 
[info] 
[debug] [2026-03-24T18:32:54.963Z] >>> [apiv2][query] GET https://api.github.com/repos/cs423sp26-homeworks/team-01/actions/secrets/public-key type=owner
[debug] [2026-03-24T18:32:55.161Z] <<< [apiv2][status] GET https://api.github.com/repos/cs423sp26-homeworks/team-01/actions/secrets/public-key 404
[debug] [2026-03-24T18:32:55.161Z] <<< [apiv2][body] GET https://api.github.com/repos/cs423sp26-homeworks/team-01/actions/secrets/public-key {"message":"Not Found","documentation_url":"https://docs.github.com/rest/actions/secrets#get-a-repository-public-key","status":"404"}
[info] 
[info] 
[error] ⚠  The provided authorization cannot be used with this repository. If this repository is in an organization, did you remember to grant access? 
[info] 
[info] i  Action required: Visit this URL to ensure access has been granted to the appropriate organization(s) for the Firebase CLI GitHub OAuth App: 
[info] https://github.com/settings/connections/applications/89cf50f02ac6aaed3484
[info] 
[debug] [2026-03-24T18:33:05.278Z] >>> [apiv2][query] GET https://api.github.com/repos/cs423sp26-homeworks/team-01/actions/secrets/public-key type=owner
[debug] [2026-03-24T18:33:05.432Z] <<< [apiv2][status] GET https://api.github.com/repos/cs423sp26-homeworks/team-01/actions/secrets/public-key 404
[debug] [2026-03-24T18:33:05.432Z] <<< [apiv2][body] GET https://api.github.com/repos/cs423sp26-homeworks/team-01/actions/secrets/public-key {"message":"Not Found","documentation_url":"https://docs.github.com/rest/actions/secrets#get-a-repository-public-key","status":"404"}
[info] 
[info] 
[error] ⚠  The provided authorization cannot be used with this repository. If this repository is in an organization, did you remember to grant access? 
[info] 
[info] i  Action required: Visit this URL to ensure access has been granted to the appropriate organization(s) for the Firebase CLI GitHub OAuth App: 
[info] https://github.com/settings/connections/applications/89cf50f02ac6aaed3484
[info] 
[debug] [2026-03-24T18:33:35.428Z] ExitPromptError: User force closed the prompt with SIGINT
    at Interface.sigint (/opt/homebrew/lib/node_modules/firebase-tools/node_modules/@inquirer/core/dist/commonjs/lib/create-prompt.js:101:37)
    at Interface.emit (node:events:508:20)
    at [_ttyWrite] [as _ttyWrite] (node:internal/readline/interface:1327:18)
    at ReadStream.onkeypress (node:internal/readline/interface:284:20)
    at ReadStream.emit (node:events:520:22)
    at emitKeys (node:internal/readline/utils:371:14)
    at emitKeys.next (<anonymous>)
    at ReadStream.onData (node:internal/readline/emitKeypressEvents:64:36)
    at ReadStream.emit (node:events:508:20)
    at addChunk (node:internal/streams/readable:564:12)
[error] 
[error] Error: An unexpected error has occurred.
